
> frontend@0.1.0 build
> next build --webpack

▲ Next.js 16.1.6 (webpack)
- Environments: .env.local
- Experiments (use with caution):
  · optimizePackageImports

  Creating an optimized production build ...
✓ Compiled successfully in 13.6s
  Running TypeScript ...
Failed to compile.

./app/trainee/call-simulation/call-simulator.tsx:365:22
Type error: Cannot find name 'orderedSteps'.

[0m [90m 363 |[39m [90m   */[39m
 [90m 364 |[39m   [36mconst[39m startCurrentCsrRecording [33m=[39m useCallback([36masync[39m () [33m=>[39m {
[31m[1m>[22m[39m[90m 365 |[39m     [36mconst[39m nextStep [33m=[39m orderedSteps[currentStepIndex][33m;[39m
 [90m     |[39m                      [31m[1m^[22m[39m
 [90m 366 |[39m     [36mif[39m ([33m![39mnextStep [33m||[39m normalizeActor(nextStep[33m.[39mactor) [33m!==[39m [32m'csr'[39m) [36mreturn[39m[33m;[39m
 [90m 367 |[39m     
 [90m 368 |[39m     setMicrophoneMuted([36mfalse[39m)[33m;[39m[0m
Next.js build worker exited with code: 1 and signal: null
