
> frontend@0.1.0 build
> next build --webpack

▲ Next.js 16.1.6 (webpack)
- Environments: .env.local
- Experiments (use with caution):
  · optimizePackageImports

  Creating an optimized production build ...
✓ Compiled successfully in 12.2s
  Running TypeScript ...
Failed to compile.

./app/trainee/call-simulation/call-simulator.tsx:341:5
Type error: Type 'number' is not assignable to type 'Timeout'.

[0m [90m 339 |[39m
 [90m 340 |[39m     setCountdownValue([35m5[39m)[33m;[39m
[31m[1m>[22m[39m[90m 341 |[39m     countdownRef[33m.[39mcurrent [33m=[39m window[33m.[39msetInterval(() [33m=>[39m {
 [90m     |[39m     [31m[1m^[22m[39m
 [90m 342 |[39m       setCountdownValue((prev) [33m=>[39m {
 [90m 343 |[39m         [36mif[39m (prev [33m<=[39m [35m1[39m) {
 [90m 344 |[39m           [36mif[39m (countdownRef[33m.[39mcurrent) {[0m
Next.js build worker exited with code: 1 and signal: null
